Archive member included to satisfy reference by file (symbol)

/home/nicholas/opt/ti/tivaware/SW-TM4C-2.2.0.295/driverlib/gcc/libdriver.a(gpio.o)
                              CMakeFiles/application.dir/src/main.c.o (GPIOPinWrite)
/home/nicholas/opt/ti/tivaware/SW-TM4C-2.2.0.295/driverlib/gcc/libdriver.a(interrupt.o)
                              /home/nicholas/opt/ti/tivaware/SW-TM4C-2.2.0.295/driverlib/gcc/libdriver.a(gpio.o) (IntRegister)
/home/nicholas/opt/ti/tivaware/SW-TM4C-2.2.0.295/driverlib/gcc/libdriver.a(sysctl.o)
                              CMakeFiles/application.dir/src/main.c.o (SysCtlPeripheralReady)
/home/nicholas/opt/ti/tivaware/SW-TM4C-2.2.0.295/driverlib/gcc/libdriver.a(cpu.o)
                              /home/nicholas/opt/ti/tivaware/SW-TM4C-2.2.0.295/driverlib/gcc/libdriver.a(interrupt.o) (CPUcpsid)

Discarded input sections

 .text          0x0000000000000000        0x0 /home/nicholas/.local/xPacks/@xpack-dev-tools/arm-none-eabi-gcc/10.2.1-1.1.2/.content/bin/../lib/gcc/arm-none-eabi/10.2.1/thumb/v7e-m+fp/hard/crti.o
 .data          0x0000000000000000        0x0 /home/nicholas/.local/xPacks/@xpack-dev-tools/arm-none-eabi-gcc/10.2.1-1.1.2/.content/bin/../lib/gcc/arm-none-eabi/10.2.1/thumb/v7e-m+fp/hard/crti.o
 .bss           0x0000000000000000        0x0 /home/nicholas/.local/xPacks/@xpack-dev-tools/arm-none-eabi-gcc/10.2.1-1.1.2/.content/bin/../lib/gcc/arm-none-eabi/10.2.1/thumb/v7e-m+fp/hard/crti.o
 .text          0x0000000000000000        0x0 /home/nicholas/.local/xPacks/@xpack-dev-tools/arm-none-eabi-gcc/10.2.1-1.1.2/.content/bin/../lib/gcc/arm-none-eabi/10.2.1/thumb/v7e-m+fp/hard/crtbegin.o
 .data          0x0000000000000000        0x0 /home/nicholas/.local/xPacks/@xpack-dev-tools/arm-none-eabi-gcc/10.2.1-1.1.2/.content/bin/../lib/gcc/arm-none-eabi/10.2.1/thumb/v7e-m+fp/hard/crtbegin.o
 .bss           0x0000000000000000        0x0 /home/nicholas/.local/xPacks/@xpack-dev-tools/arm-none-eabi-gcc/10.2.1-1.1.2/.content/bin/../lib/gcc/arm-none-eabi/10.2.1/thumb/v7e-m+fp/hard/crtbegin.o
 .rodata.all_implied_fbits
                0x0000000000000000       0x24 /home/nicholas/.local/xPacks/@xpack-dev-tools/arm-none-eabi-gcc/10.2.1-1.1.2/.content/bin/../lib/gcc/arm-none-eabi/10.2.1/thumb/v7e-m+fp/hard/crtbegin.o
 .fini_array    0x0000000000000000        0x4 /home/nicholas/.local/xPacks/@xpack-dev-tools/arm-none-eabi-gcc/10.2.1-1.1.2/.content/bin/../lib/gcc/arm-none-eabi/10.2.1/thumb/v7e-m+fp/hard/crtbegin.o
 .data.__dso_handle
                0x0000000000000000        0x4 /home/nicholas/.local/xPacks/@xpack-dev-tools/arm-none-eabi-gcc/10.2.1-1.1.2/.content/bin/../lib/gcc/arm-none-eabi/10.2.1/thumb/v7e-m+fp/hard/crtbegin.o
 .text.__do_global_dtors_aux
                0x0000000000000000       0x24 /home/nicholas/.local/xPacks/@xpack-dev-tools/arm-none-eabi-gcc/10.2.1-1.1.2/.content/bin/../lib/gcc/arm-none-eabi/10.2.1/thumb/v7e-m+fp/hard/crtbegin.o
 .bss.completed.1
                0x0000000000000000        0x1 /home/nicholas/.local/xPacks/@xpack-dev-tools/arm-none-eabi-gcc/10.2.1-1.1.2/.content/bin/../lib/gcc/arm-none-eabi/10.2.1/thumb/v7e-m+fp/hard/crtbegin.o
 .text          0x0000000000000000       0x7c /home/nicholas/.local/xPacks/@xpack-dev-tools/arm-none-eabi-gcc/10.2.1-1.1.2/.content/bin/../lib/gcc/arm-none-eabi/10.2.1/../../../../arm-none-eabi/lib/thumb/v7e-m+fp/hard/crt0.o
 .data          0x0000000000000000        0x0 /home/nicholas/.local/xPacks/@xpack-dev-tools/arm-none-eabi-gcc/10.2.1-1.1.2/.content/bin/../lib/gcc/arm-none-eabi/10.2.1/../../../../arm-none-eabi/lib/thumb/v7e-m+fp/hard/crt0.o
 .bss           0x0000000000000000        0x0 /home/nicholas/.local/xPacks/@xpack-dev-tools/arm-none-eabi-gcc/10.2.1-1.1.2/.content/bin/../lib/gcc/arm-none-eabi/10.2.1/../../../../arm-none-eabi/lib/thumb/v7e-m+fp/hard/crt0.o
 .ARM.extab     0x0000000000000000        0x0 /home/nicholas/.local/xPacks/@xpack-dev-tools/arm-none-eabi-gcc/10.2.1-1.1.2/.content/bin/../lib/gcc/arm-none-eabi/10.2.1/../../../../arm-none-eabi/lib/thumb/v7e-m+fp/hard/crt0.o
 .ARM.exidx     0x0000000000000000       0x10 /home/nicholas/.local/xPacks/@xpack-dev-tools/arm-none-eabi-gcc/10.2.1-1.1.2/.content/bin/../lib/gcc/arm-none-eabi/10.2.1/../../../../arm-none-eabi/lib/thumb/v7e-m+fp/hard/crt0.o
 .ARM.attributes
                0x0000000000000000       0x1c /home/nicholas/.local/xPacks/@xpack-dev-tools/arm-none-eabi-gcc/10.2.1-1.1.2/.content/bin/../lib/gcc/arm-none-eabi/10.2.1/../../../../arm-none-eabi/lib/thumb/v7e-m+fp/hard/crt0.o
 .group         0x0000000000000000        0xc CMakeFiles/application.dir/src/tm4c129encpdt_startup_gcc.c.o
 .group         0x0000000000000000        0xc CMakeFiles/application.dir/src/tm4c129encpdt_startup_gcc.c.o
 .group         0x0000000000000000        0xc CMakeFiles/application.dir/src/tm4c129encpdt_startup_gcc.c.o
 .group         0x0000000000000000        0xc CMakeFiles/application.dir/src/tm4c129encpdt_startup_gcc.c.o
 .group         0x0000000000000000        0xc CMakeFiles/application.dir/src/tm4c129encpdt_startup_gcc.c.o
 .group         0x0000000000000000        0xc CMakeFiles/application.dir/src/tm4c129encpdt_startup_gcc.c.o
 .group         0x0000000000000000        0xc CMakeFiles/application.dir/src/tm4c129encpdt_startup_gcc.c.o
 .text          0x0000000000000000        0x0 CMakeFiles/application.dir/src/tm4c129encpdt_startup_gcc.c.o
 .data          0x0000000000000000        0x0 CMakeFiles/application.dir/src/tm4c129encpdt_startup_gcc.c.o
 .bss           0x0000000000000000        0x0 CMakeFiles/application.dir/src/tm4c129encpdt_startup_gcc.c.o
 .group         0x0000000000000000        0xc CMakeFiles/application.dir/src/main.c.o
 .group         0x0000000000000000        0xc CMakeFiles/application.dir/src/main.c.o
 .group         0x0000000000000000        0xc CMakeFiles/application.dir/src/main.c.o
 .group         0x0000000000000000        0xc CMakeFiles/application.dir/src/main.c.o
 .group         0x0000000000000000        0xc CMakeFiles/application.dir/src/main.c.o
 .group         0x0000000000000000        0xc CMakeFiles/application.dir/src/main.c.o
 .group         0x0000000000000000        0xc CMakeFiles/application.dir/src/main.c.o
 .group         0x0000000000000000        0xc CMakeFiles/application.dir/src/main.c.o
 .group         0x0000000000000000        0xc CMakeFiles/application.dir/src/main.c.o
 .group         0x0000000000000000        0xc CMakeFiles/application.dir/src/main.c.o
 .group         0x0000000000000000        0xc CMakeFiles/application.dir/src/main.c.o
 .group         0x0000000000000000        0xc CMakeFiles/application.dir/src/main.c.o
 .group         0x0000000000000000        0xc CMakeFiles/application.dir/src/main.c.o
 .text          0x0000000000000000        0x0 CMakeFiles/application.dir/src/main.c.o
 .data          0x0000000000000000        0x0 CMakeFiles/application.dir/src/main.c.o
 .bss           0x0000000000000000        0x0 CMakeFiles/application.dir/src/main.c.o
 .debug_macro   0x0000000000000000      0xa7e CMakeFiles/application.dir/src/main.c.o
 .debug_macro   0x0000000000000000       0x22 CMakeFiles/application.dir/src/main.c.o
 .debug_macro   0x0000000000000000       0x8e CMakeFiles/application.dir/src/main.c.o
 .debug_macro   0x0000000000000000       0x51 CMakeFiles/application.dir/src/main.c.o
 .debug_macro   0x0000000000000000      0x103 CMakeFiles/application.dir/src/main.c.o
 .debug_macro   0x0000000000000000       0x6a CMakeFiles/application.dir/src/main.c.o
 .debug_macro   0x0000000000000000      0x1df CMakeFiles/application.dir/src/main.c.o
 .text          0x0000000000000000        0x0 /home/nicholas/opt/ti/tivaware/SW-TM4C-2.2.0.295/driverlib/gcc/libdriver.a(gpio.o)
 .data          0x0000000000000000        0x0 /home/nicholas/opt/ti/tivaware/SW-TM4C-2.2.0.295/driverlib/gcc/libdriver.a(gpio.o)
 .bss           0x0000000000000000        0x0 /home/nicholas/opt/ti/tivaware/SW-TM4C-2.2.0.295/driverlib/gcc/libdriver.a(gpio.o)
 .text._GPIOIntNumberGet
                0x0000000000000000       0x48 /home/nicholas/opt/ti/tivaware/SW-TM4C-2.2.0.295/driverlib/gcc/libdriver.a(gpio.o)
 .text.GPIODirModeGet
                0x0000000000000000       0x24 /home/nicholas/opt/ti/tivaware/SW-TM4C-2.2.0.295/driverlib/gcc/libdriver.a(gpio.o)
 .text.GPIOIntTypeSet
                0x0000000000000000       0x5a /home/nicholas/opt/ti/tivaware/SW-TM4C-2.2.0.295/driverlib/gcc/libdriver.a(gpio.o)
 .text.GPIOIntTypeGet
                0x0000000000000000       0x48 /home/nicholas/opt/ti/tivaware/SW-TM4C-2.2.0.295/driverlib/gcc/libdriver.a(gpio.o)
 .text.GPIOPadConfigGet
                0x0000000000000000       0xe4 /home/nicholas/opt/ti/tivaware/SW-TM4C-2.2.0.295/driverlib/gcc/libdriver.a(gpio.o)
 .text.GPIOIntEnable
                0x0000000000000000        0xc /home/nicholas/opt/ti/tivaware/SW-TM4C-2.2.0.295/driverlib/gcc/libdriver.a(gpio.o)
 .text.GPIOIntDisable
                0x0000000000000000        0xe /home/nicholas/opt/ti/tivaware/SW-TM4C-2.2.0.295/driverlib/gcc/libdriver.a(gpio.o)
 .text.GPIOIntStatus
                0x0000000000000000        0xe /home/nicholas/opt/ti/tivaware/SW-TM4C-2.2.0.295/driverlib/gcc/libdriver.a(gpio.o)
 .text.GPIOIntClear
                0x0000000000000000        0x6 /home/nicholas/opt/ti/tivaware/SW-TM4C-2.2.0.295/driverlib/gcc/libdriver.a(gpio.o)
 .text.GPIOIntRegister
                0x0000000000000000       0x1a /home/nicholas/opt/ti/tivaware/SW-TM4C-2.2.0.295/driverlib/gcc/libdriver.a(gpio.o)
 .text.GPIOIntUnregister
                0x0000000000000000       0x16 /home/nicholas/opt/ti/tivaware/SW-TM4C-2.2.0.295/driverlib/gcc/libdriver.a(gpio.o)
 .text.GPIOIntRegisterPin
                0x0000000000000000       0x1e /home/nicholas/opt/ti/tivaware/SW-TM4C-2.2.0.295/driverlib/gcc/libdriver.a(gpio.o)
 .text.GPIOIntUnregisterPin
                0x0000000000000000       0x1a /home/nicholas/opt/ti/tivaware/SW-TM4C-2.2.0.295/driverlib/gcc/libdriver.a(gpio.o)
 .text.GPIOPinRead
                0x0000000000000000        0x6 /home/nicholas/opt/ti/tivaware/SW-TM4C-2.2.0.295/driverlib/gcc/libdriver.a(gpio.o)
 .text.GPIOPinTypeADC
                0x0000000000000000       0x1c /home/nicholas/opt/ti/tivaware/SW-TM4C-2.2.0.295/driverlib/gcc/libdriver.a(gpio.o)
 .text.GPIOPinTypeCAN
                0x0000000000000000       0x1c /home/nicholas/opt/ti/tivaware/SW-TM4C-2.2.0.295/driverlib/gcc/libdriver.a(gpio.o)
 .text.GPIOPinTypeComparator
                0x0000000000000000       0x1c /home/nicholas/opt/ti/tivaware/SW-TM4C-2.2.0.295/driverlib/gcc/libdriver.a(gpio.o)
 .text.GPIOPinTypeComparatorOutput
                0x0000000000000000       0x1c /home/nicholas/opt/ti/tivaware/SW-TM4C-2.2.0.295/driverlib/gcc/libdriver.a(gpio.o)
 .text.GPIOPinTypeDIVSCLK
                0x0000000000000000       0x1c /home/nicholas/opt/ti/tivaware/SW-TM4C-2.2.0.295/driverlib/gcc/libdriver.a(gpio.o)
 .text.GPIOPinTypeEPI
                0x0000000000000000       0x1c /home/nicholas/opt/ti/tivaware/SW-TM4C-2.2.0.295/driverlib/gcc/libdriver.a(gpio.o)
 .text.GPIOPinTypeEthernetLED
                0x0000000000000000       0x1c /home/nicholas/opt/ti/tivaware/SW-TM4C-2.2.0.295/driverlib/gcc/libdriver.a(gpio.o)
 .text.GPIOPinTypeEthernetMII
                0x0000000000000000       0x1c /home/nicholas/opt/ti/tivaware/SW-TM4C-2.2.0.295/driverlib/gcc/libdriver.a(gpio.o)
 .text.GPIOPinTypeGPIOInput
                0x0000000000000000       0x1c /home/nicholas/opt/ti/tivaware/SW-TM4C-2.2.0.295/driverlib/gcc/libdriver.a(gpio.o)
 .text.GPIOPinTypeGPIOOutputOD
                0x0000000000000000       0x1c /home/nicholas/opt/ti/tivaware/SW-TM4C-2.2.0.295/driverlib/gcc/libdriver.a(gpio.o)
 .text.GPIOPinTypeHibernateRTCCLK
                0x0000000000000000       0x1c /home/nicholas/opt/ti/tivaware/SW-TM4C-2.2.0.295/driverlib/gcc/libdriver.a(gpio.o)
 .text.GPIOPinTypeI2C
                0x0000000000000000       0x1c /home/nicholas/opt/ti/tivaware/SW-TM4C-2.2.0.295/driverlib/gcc/libdriver.a(gpio.o)
 .text.GPIOPinTypeI2CSCL
                0x0000000000000000       0x1c /home/nicholas/opt/ti/tivaware/SW-TM4C-2.2.0.295/driverlib/gcc/libdriver.a(gpio.o)
 .text.GPIOPinTypeLCD
                0x0000000000000000       0x1c /home/nicholas/opt/ti/tivaware/SW-TM4C-2.2.0.295/driverlib/gcc/libdriver.a(gpio.o)
 .text.GPIOPinTypeOneWire
                0x0000000000000000       0x1c /home/nicholas/opt/ti/tivaware/SW-TM4C-2.2.0.295/driverlib/gcc/libdriver.a(gpio.o)
 .text.GPIOPinTypePWM
                0x0000000000000000       0x1c /home/nicholas/opt/ti/tivaware/SW-TM4C-2.2.0.295/driverlib/gcc/libdriver.a(gpio.o)
 .text.GPIOPinTypeQEI
                0x0000000000000000       0x1c /home/nicholas/opt/ti/tivaware/SW-TM4C-2.2.0.295/driverlib/gcc/libdriver.a(gpio.o)
 .text.GPIOPinTypeSSI
                0x0000000000000000       0x1c /home/nicholas/opt/ti/tivaware/SW-TM4C-2.2.0.295/driverlib/gcc/libdriver.a(gpio.o)
 .text.GPIOPinTypeTimer
                0x0000000000000000       0x1c /home/nicholas/opt/ti/tivaware/SW-TM4C-2.2.0.295/driverlib/gcc/libdriver.a(gpio.o)
 .text.GPIOPinTypeTrace
                0x0000000000000000       0x1c /home/nicholas/opt/ti/tivaware/SW-TM4C-2.2.0.295/driverlib/gcc/libdriver.a(gpio.o)
 .text.GPIOPinTypeUART
                0x0000000000000000       0x1c /home/nicholas/opt/ti/tivaware/SW-TM4C-2.2.0.295/driverlib/gcc/libdriver.a(gpio.o)
 .text.GPIOPinTypeUSBAnalog
                0x0000000000000000       0x1c /home/nicholas/opt/ti/tivaware/SW-TM4C-2.2.0.295/driverlib/gcc/libdriver.a(gpio.o)
 .text.GPIOPinTypeUSBDigital
                0x0000000000000000       0x1c /home/nicholas/opt/ti/tivaware/SW-TM4C-2.2.0.295/driverlib/gcc/libdriver.a(gpio.o)
 .text.GPIOPinTypeWakeHigh
                0x0000000000000000       0x1e /home/nicholas/opt/ti/tivaware/SW-TM4C-2.2.0.295/driverlib/gcc/libdriver.a(gpio.o)
 .text.GPIOPinTypeWakeLow
                0x0000000000000000       0x1e /home/nicholas/opt/ti/tivaware/SW-TM4C-2.2.0.295/driverlib/gcc/libdriver.a(gpio.o)
 .text.GPIOPinWakeStatus
                0x0000000000000000        0x6 /home/nicholas/opt/ti/tivaware/SW-TM4C-2.2.0.295/driverlib/gcc/libdriver.a(gpio.o)
 .text.GPIOPinConfigure
                0x0000000000000000       0x4c /home/nicholas/opt/ti/tivaware/SW-TM4C-2.2.0.295/driverlib/gcc/libdriver.a(gpio.o)
 .text.GPIODMATriggerEnable
                0x0000000000000000        0xc /home/nicholas/opt/ti/tivaware/SW-TM4C-2.2.0.295/driverlib/gcc/libdriver.a(gpio.o)
 .text.GPIODMATriggerDisable
                0x0000000000000000        0xe /home/nicholas/opt/ti/tivaware/SW-TM4C-2.2.0.295/driverlib/gcc/libdriver.a(gpio.o)
 .text.GPIOADCTriggerEnable
                0x0000000000000000        0xc /home/nicholas/opt/ti/tivaware/SW-TM4C-2.2.0.295/driverlib/gcc/libdriver.a(gpio.o)
 .text.GPIOADCTriggerDisable
                0x0000000000000000        0xe /home/nicholas/opt/ti/tivaware/SW-TM4C-2.2.0.295/driverlib/gcc/libdriver.a(gpio.o)
 .text.GPIOUnlockPin
                0x0000000000000000       0x18 /home/nicholas/opt/ti/tivaware/SW-TM4C-2.2.0.295/driverlib/gcc/libdriver.a(gpio.o)
 .rodata.g_ppui32GPIOIntMapSnowflake
                0x0000000000000000       0xd8 /home/nicholas/opt/ti/tivaware/SW-TM4C-2.2.0.295/driverlib/gcc/libdriver.a(gpio.o)
 .rodata.g_pui32GPIOBaseAddrs
                0x0000000000000000       0x90 /home/nicholas/opt/ti/tivaware/SW-TM4C-2.2.0.295/driverlib/gcc/libdriver.a(gpio.o)
 .rodata.g_ppui32GPIOIntMapBlizzard
                0x0000000000000000       0xc0 /home/nicholas/opt/ti/tivaware/SW-TM4C-2.2.0.295/driverlib/gcc/libdriver.a(gpio.o)
 .text          0x0000000000000000        0x0 /home/nicholas/opt/ti/tivaware/SW-TM4C-2.2.0.295/driverlib/gcc/libdriver.a(interrupt.o)
 .data          0x0000000000000000        0x0 /home/nicholas/opt/ti/tivaware/SW-TM4C-2.2.0.295/driverlib/gcc/libdriver.a(interrupt.o)
 .bss           0x0000000000000000        0x0 /home/nicholas/opt/ti/tivaware/SW-TM4C-2.2.0.295/driverlib/gcc/libdriver.a(interrupt.o)
 .text._IntDefaultHandler
                0x0000000000000000        0x2 /home/nicholas/opt/ti/tivaware/SW-TM4C-2.2.0.295/driverlib/gcc/libdriver.a(interrupt.o)
 .text.IntMasterEnable
                0x0000000000000000        0xe /home/nicholas/opt/ti/tivaware/SW-TM4C-2.2.0.295/driverlib/gcc/libdriver.a(interrupt.o)
 .text.IntMasterDisable
                0x0000000000000000        0xe /home/nicholas/opt/ti/tivaware/SW-TM4C-2.2.0.295/driverlib/gcc/libdriver.a(interrupt.o)
 .text.IntRegister
                0x0000000000000000       0x34 /home/nicholas/opt/ti/tivaware/SW-TM4C-2.2.0.295/driverlib/gcc/libdriver.a(interrupt.o)
 .text.IntUnregister
                0x0000000000000000       0x14 /home/nicholas/opt/ti/tivaware/SW-TM4C-2.2.0.295/driverlib/gcc/libdriver.a(interrupt.o)
 .text.IntPriorityGroupingSet
                0x0000000000000000       0x1c /home/nicholas/opt/ti/tivaware/SW-TM4C-2.2.0.295/driverlib/gcc/libdriver.a(interrupt.o)
 .text.IntPriorityGroupingGet
                0x0000000000000000       0x24 /home/nicholas/opt/ti/tivaware/SW-TM4C-2.2.0.295/driverlib/gcc/libdriver.a(interrupt.o)
 .text.IntPrioritySet
                0x0000000000000000       0x2c /home/nicholas/opt/ti/tivaware/SW-TM4C-2.2.0.295/driverlib/gcc/libdriver.a(interrupt.o)
 .text.IntPriorityGet
                0x0000000000000000       0x1c /home/nicholas/opt/ti/tivaware/SW-TM4C-2.2.0.295/driverlib/gcc/libdriver.a(interrupt.o)
 .text.IntEnable
                0x0000000000000000       0x60 /home/nicholas/opt/ti/tivaware/SW-TM4C-2.2.0.295/driverlib/gcc/libdriver.a(interrupt.o)
 .text.IntDisable
                0x0000000000000000       0x60 /home/nicholas/opt/ti/tivaware/SW-TM4C-2.2.0.295/driverlib/gcc/libdriver.a(interrupt.o)
 .text.IntIsEnabled
                0x0000000000000000       0x64 /home/nicholas/opt/ti/tivaware/SW-TM4C-2.2.0.295/driverlib/gcc/libdriver.a(interrupt.o)
 .text.IntPendSet
                0x0000000000000000       0x50 /home/nicholas/opt/ti/tivaware/SW-TM4C-2.2.0.295/driverlib/gcc/libdriver.a(interrupt.o)
 .text.IntPendClear
                0x0000000000000000       0x40 /home/nicholas/opt/ti/tivaware/SW-TM4C-2.2.0.295/driverlib/gcc/libdriver.a(interrupt.o)
 .text.IntPriorityMaskSet
                0x0000000000000000        0x4 /home/nicholas/opt/ti/tivaware/SW-TM4C-2.2.0.295/driverlib/gcc/libdriver.a(interrupt.o)
 .text.IntPriorityMaskGet
                0x0000000000000000        0x4 /home/nicholas/opt/ti/tivaware/SW-TM4C-2.2.0.295/driverlib/gcc/libdriver.a(interrupt.o)
 .text.IntTrigger
                0x0000000000000000        0xc /home/nicholas/opt/ti/tivaware/SW-TM4C-2.2.0.295/driverlib/gcc/libdriver.a(interrupt.o)
 .rodata.g_pui32Priority
                0x0000000000000000       0x20 /home/nicholas/opt/ti/tivaware/SW-TM4C-2.2.0.295/driverlib/gcc/libdriver.a(interrupt.o)
 .rodata.g_pui32Dii16Regs
                0x0000000000000000       0x14 /home/nicholas/opt/ti/tivaware/SW-TM4C-2.2.0.295/driverlib/gcc/libdriver.a(interrupt.o)
 .rodata.g_pui32PendRegs
                0x0000000000000000       0x14 /home/nicholas/opt/ti/tivaware/SW-TM4C-2.2.0.295/driverlib/gcc/libdriver.a(interrupt.o)
 vtable         0x0000000000000000      0x400 /home/nicholas/opt/ti/tivaware/SW-TM4C-2.2.0.295/driverlib/gcc/libdriver.a(interrupt.o)
 .rodata.g_pui32Regs
                0x0000000000000000       0x9c /home/nicholas/opt/ti/tivaware/SW-TM4C-2.2.0.295/driverlib/gcc/libdriver.a(interrupt.o)
 .rodata.g_pui32EnRegs
                0x0000000000000000       0x14 /home/nicholas/opt/ti/tivaware/SW-TM4C-2.2.0.295/driverlib/gcc/libdriver.a(interrupt.o)
 .rodata.g_pui32UnpendRegs
                0x0000000000000000       0x14 /home/nicholas/opt/ti/tivaware/SW-TM4C-2.2.0.295/driverlib/gcc/libdriver.a(interrupt.o)
 .comment       0x0000000000000000       0x71 /home/nicholas/opt/ti/tivaware/SW-TM4C-2.2.0.295/driverlib/gcc/libdriver.a(interrupt.o)
 .ARM.attributes
                0x0000000000000000       0x3b /home/nicholas/opt/ti/tivaware/SW-TM4C-2.2.0.295/driverlib/gcc/libdriver.a(interrupt.o)
 .text          0x0000000000000000        0x0 /home/nicholas/opt/ti/tivaware/SW-TM4C-2.2.0.295/driverlib/gcc/libdriver.a(sysctl.o)
 .data          0x0000000000000000        0x0 /home/nicholas/opt/ti/tivaware/SW-TM4C-2.2.0.295/driverlib/gcc/libdriver.a(sysctl.o)
 .bss           0x0000000000000000        0x0 /home/nicholas/opt/ti/tivaware/SW-TM4C-2.2.0.295/driverlib/gcc/libdriver.a(sysctl.o)
 .text.SysCtlSRAMSizeGet
                0x0000000000000000       0x10 /home/nicholas/opt/ti/tivaware/SW-TM4C-2.2.0.295/driverlib/gcc/libdriver.a(sysctl.o)
 .text.SysCtlFlashSizeGet
                0x0000000000000000       0x3c /home/nicholas/opt/ti/tivaware/SW-TM4C-2.2.0.295/driverlib/gcc/libdriver.a(sysctl.o)
 .text.SysCtlFlashSectorSizeGet
                0x0000000000000000       0x38 /home/nicholas/opt/ti/tivaware/SW-TM4C-2.2.0.295/driverlib/gcc/libdriver.a(sysctl.o)
 .text.SysCtlPeripheralPresent
                0x0000000000000000       0x26 /home/nicholas/opt/ti/tivaware/SW-TM4C-2.2.0.295/driverlib/gcc/libdriver.a(sysctl.o)
 .text.SysCtlPeripheralPowerOn
                0x0000000000000000       0x22 /home/nicholas/opt/ti/tivaware/SW-TM4C-2.2.0.295/driverlib/gcc/libdriver.a(sysctl.o)
 .text.SysCtlPeripheralPowerOff
                0x0000000000000000       0x22 /home/nicholas/opt/ti/tivaware/SW-TM4C-2.2.0.295/driverlib/gcc/libdriver.a(sysctl.o)
 .text.SysCtlPeripheralReset
                0x0000000000000000       0x3a /home/nicholas/opt/ti/tivaware/SW-TM4C-2.2.0.295/driverlib/gcc/libdriver.a(sysctl.o)
 .text.SysCtlPeripheralDisable
                0x0000000000000000       0x22 /home/nicholas/opt/ti/tivaware/SW-TM4C-2.2.0.295/driverlib/gcc/libdriver.a(sysctl.o)
 .text.SysCtlPeripheralSleepEnable
                0x0000000000000000       0x22 /home/nicholas/opt/ti/tivaware/SW-TM4C-2.2.0.295/driverlib/gcc/libdriver.a(sysctl.o)
 .text.SysCtlPeripheralSleepDisable
                0x0000000000000000       0x22 /home/nicholas/opt/ti/tivaware/SW-TM4C-2.2.0.295/driverlib/gcc/libdriver.a(sysctl.o)
 .text.SysCtlPeripheralDeepSleepEnable
                0x0000000000000000       0x22 /home/nicholas/opt/ti/tivaware/SW-TM4C-2.2.0.295/driverlib/gcc/libdriver.a(sysctl.o)
 .text.SysCtlPeripheralDeepSleepDisable
                0x0000000000000000       0x22 /home/nicholas/opt/ti/tivaware/SW-TM4C-2.2.0.295/driverlib/gcc/libdriver.a(sysctl.o)
 .text.SysCtlPeripheralClockGating
                0x0000000000000000       0x48 /home/nicholas/opt/ti/tivaware/SW-TM4C-2.2.0.295/driverlib/gcc/libdriver.a(sysctl.o)
 .text.SysCtlIntRegister
                0x0000000000000000       0x14 /home/nicholas/opt/ti/tivaware/SW-TM4C-2.2.0.295/driverlib/gcc/libdriver.a(sysctl.o)
 .text.SysCtlIntUnregister
                0x0000000000000000       0x12 /home/nicholas/opt/ti/tivaware/SW-TM4C-2.2.0.295/driverlib/gcc/libdriver.a(sysctl.o)
 .text.SysCtlIntEnable
                0x0000000000000000       0x10 /home/nicholas/opt/ti/tivaware/SW-TM4C-2.2.0.295/driverlib/gcc/libdriver.a(sysctl.o)
 .text.SysCtlIntDisable
                0x0000000000000000       0x10 /home/nicholas/opt/ti/tivaware/SW-TM4C-2.2.0.295/driverlib/gcc/libdriver.a(sysctl.o)
 .text.SysCtlIntClear
                0x0000000000000000        0xc /home/nicholas/opt/ti/tivaware/SW-TM4C-2.2.0.295/driverlib/gcc/libdriver.a(sysctl.o)
 .text.SysCtlIntStatus
                0x0000000000000000       0x14 /home/nicholas/opt/ti/tivaware/SW-TM4C-2.2.0.295/driverlib/gcc/libdriver.a(sysctl.o)
 .text.SysCtlLDOSleepSet
                0x0000000000000000        0xc /home/nicholas/opt/ti/tivaware/SW-TM4C-2.2.0.295/driverlib/gcc/libdriver.a(sysctl.o)
 .text.SysCtlLDOSleepGet
                0x0000000000000000        0xc /home/nicholas/opt/ti/tivaware/SW-TM4C-2.2.0.295/driverlib/gcc/libdriver.a(sysctl.o)
 .text.SysCtlLDODeepSleepSet
                0x0000000000000000        0xc /home/nicholas/opt/ti/tivaware/SW-TM4C-2.2.0.295/driverlib/gcc/libdriver.a(sysctl.o)
 .text.SysCtlLDODeepSleepGet
                0x0000000000000000        0xc /home/nicholas/opt/ti/tivaware/SW-TM4C-2.2.0.295/driverlib/gcc/libdriver.a(sysctl.o)
 .text.SysCtlSleepPowerSet
                0x0000000000000000        0xc /home/nicholas/opt/ti/tivaware/SW-TM4C-2.2.0.295/driverlib/gcc/libdriver.a(sysctl.o)
 .text.SysCtlDeepSleepPowerSet
                0x0000000000000000        0xc /home/nicholas/opt/ti/tivaware/SW-TM4C-2.2.0.295/driverlib/gcc/libdriver.a(sysctl.o)
 .text.SysCtlReset
                0x0000000000000000       0x10 /home/nicholas/opt/ti/tivaware/SW-TM4C-2.2.0.295/driverlib/gcc/libdriver.a(sysctl.o)
 .text.SysCtlSleep
                0x0000000000000000        0x4 /home/nicholas/opt/ti/tivaware/SW-TM4C-2.2.0.295/driverlib/gcc/libdriver.a(sysctl.o)
 .text.SysCtlDeepSleep
                0x0000000000000000       0x20 /home/nicholas/opt/ti/tivaware/SW-TM4C-2.2.0.295/driverlib/gcc/libdriver.a(sysctl.o)
 .text.SysCtlResetCauseGet
                0x0000000000000000        0xc /home/nicholas/opt/ti/tivaware/SW-TM4C-2.2.0.295/driverlib/gcc/libdriver.a(sysctl.o)
 .text.SysCtlResetCauseClear
                0x0000000000000000       0x10 /home/nicholas/opt/ti/tivaware/SW-TM4C-2.2.0.295/driverlib/gcc/libdriver.a(sysctl.o)
 .text.SysCtlDelay
                0x0000000000000000        0x8 /home/nicholas/opt/ti/tivaware/SW-TM4C-2.2.0.295/driverlib/gcc/libdriver.a(sysctl.o)
 .text.SysCtlMOSCConfigSet
                0x0000000000000000        0xc /home/nicholas/opt/ti/tivaware/SW-TM4C-2.2.0.295/driverlib/gcc/libdriver.a(sysctl.o)
 .text.SysCtlPIOSCCalibrate
                0x0000000000000000       0x48 /home/nicholas/opt/ti/tivaware/SW-TM4C-2.2.0.295/driverlib/gcc/libdriver.a(sysctl.o)
 .text.SysCtlResetBehaviorSet
                0x0000000000000000        0xc /home/nicholas/opt/ti/tivaware/SW-TM4C-2.2.0.295/driverlib/gcc/libdriver.a(sysctl.o)
 .text.SysCtlResetBehaviorGet
                0x0000000000000000        0xc /home/nicholas/opt/ti/tivaware/SW-TM4C-2.2.0.295/driverlib/gcc/libdriver.a(sysctl.o)
 .text.SysCtlClockSet
                0x0000000000000000      0x11c /home/nicholas/opt/ti/tivaware/SW-TM4C-2.2.0.295/driverlib/gcc/libdriver.a(sysctl.o)
 .text.SysCtlClockGet
                0x0000000000000000      0x12c /home/nicholas/opt/ti/tivaware/SW-TM4C-2.2.0.295/driverlib/gcc/libdriver.a(sysctl.o)
 .text.SysCtlDeepSleepClockSet
                0x0000000000000000        0xc /home/nicholas/opt/ti/tivaware/SW-TM4C-2.2.0.295/driverlib/gcc/libdriver.a(sysctl.o)
 .text.SysCtlDeepSleepClockConfigSet
                0x0000000000000000       0x60 /home/nicholas/opt/ti/tivaware/SW-TM4C-2.2.0.295/driverlib/gcc/libdriver.a(sysctl.o)
 .text.SysCtlPWMClockSet
                0x0000000000000000       0x14 /home/nicholas/opt/ti/tivaware/SW-TM4C-2.2.0.295/driverlib/gcc/libdriver.a(sysctl.o)
 .text.SysCtlPWMClockGet
                0x0000000000000000       0x18 /home/nicholas/opt/ti/tivaware/SW-TM4C-2.2.0.295/driverlib/gcc/libdriver.a(sysctl.o)
 .text.SysCtlGPIOAHBEnable
                0x0000000000000000       0x18 /home/nicholas/opt/ti/tivaware/SW-TM4C-2.2.0.295/driverlib/gcc/libdriver.a(sysctl.o)
 .text.SysCtlGPIOAHBDisable
                0x0000000000000000       0x1c /home/nicholas/opt/ti/tivaware/SW-TM4C-2.2.0.295/driverlib/gcc/libdriver.a(sysctl.o)
 .text.SysCtlUSBPLLEnable
                0x0000000000000000       0x10 /home/nicholas/opt/ti/tivaware/SW-TM4C-2.2.0.295/driverlib/gcc/libdriver.a(sysctl.o)
 .text.SysCtlUSBPLLDisable
                0x0000000000000000       0x10 /home/nicholas/opt/ti/tivaware/SW-TM4C-2.2.0.295/driverlib/gcc/libdriver.a(sysctl.o)
 .text.SysCtlVoltageEventConfig
                0x0000000000000000        0xc /home/nicholas/opt/ti/tivaware/SW-TM4C-2.2.0.295/driverlib/gcc/libdriver.a(sysctl.o)
 .text.SysCtlVoltageEventStatus
                0x0000000000000000        0xc /home/nicholas/opt/ti/tivaware/SW-TM4C-2.2.0.295/driverlib/gcc/libdriver.a(sysctl.o)
 .text.SysCtlVoltageEventClear
                0x0000000000000000       0x10 /home/nicholas/opt/ti/tivaware/SW-TM4C-2.2.0.295/driverlib/gcc/libdriver.a(sysctl.o)
 .text.SysCtlVCOGet
                0x0000000000000000       0x78 /home/nicholas/opt/ti/tivaware/SW-TM4C-2.2.0.295/driverlib/gcc/libdriver.a(sysctl.o)
 .text.SysCtlNMIStatus
                0x0000000000000000        0xc /home/nicholas/opt/ti/tivaware/SW-TM4C-2.2.0.295/driverlib/gcc/libdriver.a(sysctl.o)
 .text.SysCtlNMIClear
                0x0000000000000000       0x10 /home/nicholas/opt/ti/tivaware/SW-TM4C-2.2.0.295/driverlib/gcc/libdriver.a(sysctl.o)
 .text.SysCtlClockOutConfig
                0x0000000000000000       0x10 /home/nicholas/opt/ti/tivaware/SW-TM4C-2.2.0.295/driverlib/gcc/libdriver.a(sysctl.o)
 .text.SysCtlAltClkConfig
                0x0000000000000000        0xc /home/nicholas/opt/ti/tivaware/SW-TM4C-2.2.0.295/driverlib/gcc/libdriver.a(sysctl.o)
 .text          0x0000000000000000        0x0 /home/nicholas/opt/ti/tivaware/SW-TM4C-2.2.0.295/driverlib/gcc/libdriver.a(cpu.o)
 .data          0x0000000000000000        0x0 /home/nicholas/opt/ti/tivaware/SW-TM4C-2.2.0.295/driverlib/gcc/libdriver.a(cpu.o)
 .bss           0x0000000000000000        0x0 /home/nicholas/opt/ti/tivaware/SW-TM4C-2.2.0.295/driverlib/gcc/libdriver.a(cpu.o)
 .text.CPUcpsid
                0x0000000000000000        0x8 /home/nicholas/opt/ti/tivaware/SW-TM4C-2.2.0.295/driverlib/gcc/libdriver.a(cpu.o)
 .text.CPUprimask
                0x0000000000000000        0x6 /home/nicholas/opt/ti/tivaware/SW-TM4C-2.2.0.295/driverlib/gcc/libdriver.a(cpu.o)
 .text.CPUcpsie
                0x0000000000000000        0x8 /home/nicholas/opt/ti/tivaware/SW-TM4C-2.2.0.295/driverlib/gcc/libdriver.a(cpu.o)
 .text.CPUwfi   0x0000000000000000        0x4 /home/nicholas/opt/ti/tivaware/SW-TM4C-2.2.0.295/driverlib/gcc/libdriver.a(cpu.o)
 .text.CPUbasepriSet
                0x0000000000000000        0x6 /home/nicholas/opt/ti/tivaware/SW-TM4C-2.2.0.295/driverlib/gcc/libdriver.a(cpu.o)
 .text.CPUbasepriGet
                0x0000000000000000        0x6 /home/nicholas/opt/ti/tivaware/SW-TM4C-2.2.0.295/driverlib/gcc/libdriver.a(cpu.o)
 .comment       0x0000000000000000       0x71 /home/nicholas/opt/ti/tivaware/SW-TM4C-2.2.0.295/driverlib/gcc/libdriver.a(cpu.o)
 .ARM.attributes
                0x0000000000000000       0x3b /home/nicholas/opt/ti/tivaware/SW-TM4C-2.2.0.295/driverlib/gcc/libdriver.a(cpu.o)
 .text          0x0000000000000000        0x0 /home/nicholas/.local/xPacks/@xpack-dev-tools/arm-none-eabi-gcc/10.2.1-1.1.2/.content/bin/../lib/gcc/arm-none-eabi/10.2.1/thumb/v7e-m+fp/hard/crtend.o
 .data          0x0000000000000000        0x0 /home/nicholas/.local/xPacks/@xpack-dev-tools/arm-none-eabi-gcc/10.2.1-1.1.2/.content/bin/../lib/gcc/arm-none-eabi/10.2.1/thumb/v7e-m+fp/hard/crtend.o
 .bss           0x0000000000000000        0x0 /home/nicholas/.local/xPacks/@xpack-dev-tools/arm-none-eabi-gcc/10.2.1-1.1.2/.content/bin/../lib/gcc/arm-none-eabi/10.2.1/thumb/v7e-m+fp/hard/crtend.o
 .rodata.all_implied_fbits
                0x0000000000000000       0x24 /home/nicholas/.local/xPacks/@xpack-dev-tools/arm-none-eabi-gcc/10.2.1-1.1.2/.content/bin/../lib/gcc/arm-none-eabi/10.2.1/thumb/v7e-m+fp/hard/crtend.o
 .eh_frame      0x0000000000000000        0x4 /home/nicholas/.local/xPacks/@xpack-dev-tools/arm-none-eabi-gcc/10.2.1-1.1.2/.content/bin/../lib/gcc/arm-none-eabi/10.2.1/thumb/v7e-m+fp/hard/crtend.o
 .ARM.attributes
                0x0000000000000000       0x32 /home/nicholas/.local/xPacks/@xpack-dev-tools/arm-none-eabi-gcc/10.2.1-1.1.2/.content/bin/../lib/gcc/arm-none-eabi/10.2.1/thumb/v7e-m+fp/hard/crtend.o
 .text          0x0000000000000000        0x0 /home/nicholas/.local/xPacks/@xpack-dev-tools/arm-none-eabi-gcc/10.2.1-1.1.2/.content/bin/../lib/gcc/arm-none-eabi/10.2.1/thumb/v7e-m+fp/hard/crtn.o
 .data          0x0000000000000000        0x0 /home/nicholas/.local/xPacks/@xpack-dev-tools/arm-none-eabi-gcc/10.2.1-1.1.2/.content/bin/../lib/gcc/arm-none-eabi/10.2.1/thumb/v7e-m+fp/hard/crtn.o
 .bss           0x0000000000000000        0x0 /home/nicholas/.local/xPacks/@xpack-dev-tools/arm-none-eabi-gcc/10.2.1-1.1.2/.content/bin/../lib/gcc/arm-none-eabi/10.2.1/thumb/v7e-m+fp/hard/crtn.o
 .init          0x0000000000000000        0x8 /home/nicholas/.local/xPacks/@xpack-dev-tools/arm-none-eabi-gcc/10.2.1-1.1.2/.content/bin/../lib/gcc/arm-none-eabi/10.2.1/thumb/v7e-m+fp/hard/crtn.o
 .fini          0x0000000000000000        0x8 /home/nicholas/.local/xPacks/@xpack-dev-tools/arm-none-eabi-gcc/10.2.1-1.1.2/.content/bin/../lib/gcc/arm-none-eabi/10.2.1/thumb/v7e-m+fp/hard/crtn.o
 .ARM.attributes
                0x0000000000000000       0x1e /home/nicholas/.local/xPacks/@xpack-dev-tools/arm-none-eabi-gcc/10.2.1-1.1.2/.content/bin/../lib/gcc/arm-none-eabi/10.2.1/thumb/v7e-m+fp/hard/crtn.o

Memory Configuration

Name             Origin             Length             Attributes
FLASH            0x0000000000000000 0x0000000000100000 xr
SRAM             0x0000000020000000 0x0000000000040000 xw
*default*        0x0000000000000000 0xffffffffffffffff

Linker script and memory map

LOAD /home/nicholas/.local/xPacks/@xpack-dev-tools/arm-none-eabi-gcc/10.2.1-1.1.2/.content/bin/../lib/gcc/arm-none-eabi/10.2.1/thumb/v7e-m+fp/hard/crti.o
LOAD /home/nicholas/.local/xPacks/@xpack-dev-tools/arm-none-eabi-gcc/10.2.1-1.1.2/.content/bin/../lib/gcc/arm-none-eabi/10.2.1/thumb/v7e-m+fp/hard/crtbegin.o
LOAD /home/nicholas/.local/xPacks/@xpack-dev-tools/arm-none-eabi-gcc/10.2.1-1.1.2/.content/bin/../lib/gcc/arm-none-eabi/10.2.1/../../../../arm-none-eabi/lib/thumb/v7e-m+fp/hard/crt0.o
LOAD CMakeFiles/application.dir/src/tm4c129encpdt_startup_gcc.c.o
LOAD CMakeFiles/application.dir/src/main.c.o
LOAD /home/nicholas/opt/ti/tivaware/SW-TM4C-2.2.0.295/driverlib/gcc/libdriver.a
START GROUP
LOAD /home/nicholas/.local/xPacks/@xpack-dev-tools/arm-none-eabi-gcc/10.2.1-1.1.2/.content/bin/../lib/gcc/arm-none-eabi/10.2.1/thumb/v7e-m+fp/hard/libgcc.a
LOAD /home/nicholas/.local/xPacks/@xpack-dev-tools/arm-none-eabi-gcc/10.2.1-1.1.2/.content/bin/../lib/gcc/arm-none-eabi/10.2.1/../../../../arm-none-eabi/lib/thumb/v7e-m+fp/hard/libnosys.a
END GROUP
LOAD /home/nicholas/.local/xPacks/@xpack-dev-tools/arm-none-eabi-gcc/10.2.1-1.1.2/.content/bin/../lib/gcc/arm-none-eabi/10.2.1/thumb/v7e-m+fp/hard/crtend.o
LOAD /home/nicholas/.local/xPacks/@xpack-dev-tools/arm-none-eabi-gcc/10.2.1-1.1.2/.content/bin/../lib/gcc/arm-none-eabi/10.2.1/thumb/v7e-m+fp/hard/crtn.o
                0x0000000000000100                METADATA_SIZE = 0x100
                0x0000000000004000                BOOTLOADER_SIZE = 0x4000
                0x0000000000004000                RECOVERY_SIZE = 0x4000
                0x0000000000000000                PROVIDE (_intvecs_base_address = 0x0)

.intvecs        0x0000000000000000      0x208
 *(.intvecs)
 .intvecs       0x0000000000000000      0x208 CMakeFiles/application.dir/src/tm4c129encpdt_startup_gcc.c.o
                0x0000000000000000                g_pfnVectors

.text           0x0000000000000208      0x594
 CREATE_OBJECT_SYMBOLS
 *(.text)
 *(.text.*)
 .text.frame_dummy
                0x0000000000000208       0x1c /home/nicholas/.local/xPacks/@xpack-dev-tools/arm-none-eabi-gcc/10.2.1-1.1.2/.content/bin/../lib/gcc/arm-none-eabi/10.2.1/thumb/v7e-m+fp/hard/crtbegin.o
 .text.ResetISR
                0x0000000000000224       0x80 CMakeFiles/application.dir/src/tm4c129encpdt_startup_gcc.c.o
                0x0000000000000224                ResetISR
 .text.NmiSR    0x00000000000002a4        0x6 CMakeFiles/application.dir/src/tm4c129encpdt_startup_gcc.c.o
 .text.FaultISR
                0x00000000000002aa        0x6 CMakeFiles/application.dir/src/tm4c129encpdt_startup_gcc.c.o
 .text.IntDefaultHandler
                0x00000000000002b0        0x6 CMakeFiles/application.dir/src/tm4c129encpdt_startup_gcc.c.o
 .text.main     0x00000000000002b6        0xa CMakeFiles/application.dir/src/main.c.o
                0x00000000000002b6                main
 .text.system_init
                0x00000000000002c0       0x58 CMakeFiles/application.dir/src/main.c.o
                0x00000000000002c0                system_init
 .text.GPIODirModeSet
                0x0000000000000318       0x2e /home/nicholas/opt/ti/tivaware/SW-TM4C-2.2.0.295/driverlib/gcc/libdriver.a(gpio.o)
                0x0000000000000318                GPIODirModeSet
 *fill*         0x0000000000000346        0x2 
 .text.GPIOPadConfigSet
                0x0000000000000348      0x170 /home/nicholas/opt/ti/tivaware/SW-TM4C-2.2.0.295/driverlib/gcc/libdriver.a(gpio.o)
                0x0000000000000348                GPIOPadConfigSet
 .text.GPIOPinWrite
                0x00000000000004b8        0x6 /home/nicholas/opt/ti/tivaware/SW-TM4C-2.2.0.295/driverlib/gcc/libdriver.a(gpio.o)
                0x00000000000004b8                GPIOPinWrite
 .text.GPIOPinTypeGPIOOutput
                0x00000000000004be       0x1c /home/nicholas/opt/ti/tivaware/SW-TM4C-2.2.0.295/driverlib/gcc/libdriver.a(gpio.o)
                0x00000000000004be                GPIOPinTypeGPIOOutput
 *fill*         0x00000000000004da        0x2 
 .text._SysCtlMemTimingGet
                0x00000000000004dc       0x24 /home/nicholas/opt/ti/tivaware/SW-TM4C-2.2.0.295/driverlib/gcc/libdriver.a(sysctl.o)
 .text.SysCtlPeripheralReady
                0x0000000000000500       0x26 /home/nicholas/opt/ti/tivaware/SW-TM4C-2.2.0.295/driverlib/gcc/libdriver.a(sysctl.o)
                0x0000000000000500                SysCtlPeripheralReady
 .text.SysCtlPeripheralEnable
                0x0000000000000526       0x22 /home/nicholas/opt/ti/tivaware/SW-TM4C-2.2.0.295/driverlib/gcc/libdriver.a(sysctl.o)
                0x0000000000000526                SysCtlPeripheralEnable
 .text.SysCtlClockFreqSet
                0x0000000000000548      0x248 /home/nicholas/opt/ti/tivaware/SW-TM4C-2.2.0.295/driverlib/gcc/libdriver.a(sysctl.o)
                0x0000000000000548                SysCtlClockFreqSet
                0x0000000000000790                . = ALIGN (0x4)
 *(.ctors)
                0x0000000000000790                . = ALIGN (0x4)
 *(.dtors)
                0x0000000000000790                . = ALIGN (0x4)
                0x0000000000000790                __init_array_start = .
 *(.init_array*)
 .init_array    0x0000000000000790        0x4 /home/nicholas/.local/xPacks/@xpack-dev-tools/arm-none-eabi-gcc/10.2.1-1.1.2/.content/bin/../lib/gcc/arm-none-eabi/10.2.1/thumb/v7e-m+fp/hard/crtbegin.o
                0x0000000000000794                __init_array_end = .
 *(.init)
 .init          0x0000000000000794        0x4 /home/nicholas/.local/xPacks/@xpack-dev-tools/arm-none-eabi-gcc/10.2.1-1.1.2/.content/bin/../lib/gcc/arm-none-eabi/10.2.1/thumb/v7e-m+fp/hard/crti.o
                0x0000000000000794                _init
 *(.fini*)
 .fini          0x0000000000000798        0x4 /home/nicholas/.local/xPacks/@xpack-dev-tools/arm-none-eabi-gcc/10.2.1-1.1.2/.content/bin/../lib/gcc/arm-none-eabi/10.2.1/thumb/v7e-m+fp/hard/crti.o
                0x0000000000000798                _fini
                [!provide]                        PROVIDE (__etext = .)
                [!provide]                        PROVIDE (_etext = .)
                [!provide]                        PROVIDE (etext = .)

.glue_7         0x000000000000079c        0x0
 .glue_7        0x000000000000079c        0x0 linker stubs

.glue_7t        0x000000000000079c        0x0
 .glue_7t       0x000000000000079c        0x0 linker stubs

.vfp11_veneer   0x000000000000079c        0x0
 .vfp11_veneer  0x000000000000079c        0x0 linker stubs

.v4_bx          0x000000000000079c        0x0
 .v4_bx         0x000000000000079c        0x0 linker stubs

.iplt           0x000000000000079c        0x0
 .iplt          0x000000000000079c        0x0 /home/nicholas/.local/xPacks/@xpack-dev-tools/arm-none-eabi-gcc/10.2.1-1.1.2/.content/bin/../lib/gcc/arm-none-eabi/10.2.1/thumb/v7e-m+fp/hard/crtbegin.o

.rodata         0x000000000000079c      0x254
 *(.rodata)
 *(.rodata*)
 .rodata.g_pppui32XTALtoVCO
                0x000000000000079c      0x1b0 /home/nicholas/opt/ti/tivaware/SW-TM4C-2.2.0.295/driverlib/gcc/libdriver.a(sysctl.o)
 .rodata.g_pui32VCOFrequencies
                0x000000000000094c        0x8 /home/nicholas/opt/ti/tivaware/SW-TM4C-2.2.0.295/driverlib/gcc/libdriver.a(sysctl.o)
 .rodata.g_sXTALtoMEMTIM
                0x0000000000000954       0x30 /home/nicholas/opt/ti/tivaware/SW-TM4C-2.2.0.295/driverlib/gcc/libdriver.a(sysctl.o)
 .rodata.g_pui32Xtals
                0x0000000000000984       0x6c /home/nicholas/opt/ti/tivaware/SW-TM4C-2.2.0.295/driverlib/gcc/libdriver.a(sysctl.o)

.eh_frame       0x00000000000009f0        0x0
 .eh_frame      0x00000000000009f0        0x0 /home/nicholas/.local/xPacks/@xpack-dev-tools/arm-none-eabi-gcc/10.2.1-1.1.2/.content/bin/../lib/gcc/arm-none-eabi/10.2.1/thumb/v7e-m+fp/hard/crtbegin.o

.rel.dyn        0x00000000000009f0        0x0
 .rel.iplt      0x00000000000009f0        0x0 /home/nicholas/.local/xPacks/@xpack-dev-tools/arm-none-eabi-gcc/10.2.1-1.1.2/.content/bin/../lib/gcc/arm-none-eabi/10.2.1/thumb/v7e-m+fp/hard/crtbegin.o

.data           0x0000000020000000        0x0 load address 0x00000000000009f0
                0x00000000000009f0                __data_load__ = LOADADDR (.data)
                0x0000000020000000                __data_start__ = .
 *(.data)
 *(.data*)
                0x0000000020000000                . = ALIGN (0x4)
                0x0000000020000000                __data_end__ = .

.igot.plt       0x0000000020000000        0x0 load address 0x00000000000009f0
 .igot.plt      0x0000000020000000        0x0 /home/nicholas/.local/xPacks/@xpack-dev-tools/arm-none-eabi-gcc/10.2.1-1.1.2/.content/bin/../lib/gcc/arm-none-eabi/10.2.1/thumb/v7e-m+fp/hard/crtbegin.o

.bootloader     0x00000000000009f0     0x4000
                0x00000000000009f0                __bootloader_addr__ = LOADADDR (.bootloader)
                0x00000000000009f0                __bootloader_start__ = .
                0x00000000000049f0                . = (. + BOOTLOADER_SIZE)
 *fill*         0x00000000000009f0     0x4000 
                0x00000000000049f0                __bootloader_end__ = .

.ARM.exidx      0x00000000000049f0        0x0
                0x00000000000049f0                __exidx_start = .
 *(.ARM.exidx* .gnu.linkonce.armexidx.*)
                0x00000000000049f0                __exidx_end = .

.ARM.extab
 *(.ARM.extab* .gnu.linkonce.armextab.*)

.bss            0x0000000020000000       0x1c
                0x0000000020000000                __bss_start__ = .
 *(.shbss)
 *(.bss)
 *(.bss.*)
 .bss.object.0  0x0000000020000000       0x18 /home/nicholas/.local/xPacks/@xpack-dev-tools/arm-none-eabi-gcc/10.2.1-1.1.2/.content/bin/../lib/gcc/arm-none-eabi/10.2.1/thumb/v7e-m+fp/hard/crtbegin.o
 .bss.g_ui32SysClock
                0x0000000020000018        0x4 CMakeFiles/application.dir/src/main.c.o
                0x0000000020000018                g_ui32SysClock
 *(COMMON)
                0x000000002000001c                . = ALIGN (0x4)
                0x000000002000001c                __bss_end__ = .

.heap           0x000000002000001c        0x0
                0x000000002000001c                __heap_start__ = .
                0x000000002000001c                end = __heap_start__
                0x000000002000001c                _end = end
                0x000000002000001c                __end = end
 *(.heap)
                0x000000002000001c                __heap_end__ = .
                0x000000002000001c                __HeapLimit = __heap_end__

.stack          0x0000000020000020      0x200
                0x0000000020000020                _stack = .
                0x0000000020000020                __stack = .
 *(.stack)
 .stack         0x0000000020000020      0x200 CMakeFiles/application.dir/src/tm4c129encpdt_startup_gcc.c.o
OUTPUT(app.elf elf32-littlearm)
LOAD linker stubs

.ARM.attributes
                0x0000000000000000       0x30
 .ARM.attributes
                0x0000000000000000       0x1e /home/nicholas/.local/xPacks/@xpack-dev-tools/arm-none-eabi-gcc/10.2.1-1.1.2/.content/bin/../lib/gcc/arm-none-eabi/10.2.1/thumb/v7e-m+fp/hard/crti.o
 .ARM.attributes
                0x000000000000001e       0x34 /home/nicholas/.local/xPacks/@xpack-dev-tools/arm-none-eabi-gcc/10.2.1-1.1.2/.content/bin/../lib/gcc/arm-none-eabi/10.2.1/thumb/v7e-m+fp/hard/crtbegin.o
 .ARM.attributes
                0x0000000000000052       0x34 CMakeFiles/application.dir/src/tm4c129encpdt_startup_gcc.c.o
 .ARM.attributes
                0x0000000000000086       0x34 CMakeFiles/application.dir/src/main.c.o
 .ARM.attributes
                0x00000000000000ba       0x3b /home/nicholas/opt/ti/tivaware/SW-TM4C-2.2.0.295/driverlib/gcc/libdriver.a(gpio.o)
 .ARM.attributes
                0x00000000000000f5       0x3b /home/nicholas/opt/ti/tivaware/SW-TM4C-2.2.0.295/driverlib/gcc/libdriver.a(sysctl.o)

.comment        0x0000000000000000       0xb4
 .comment       0x0000000000000000       0x44 CMakeFiles/application.dir/src/tm4c129encpdt_startup_gcc.c.o
                                         0x45 (size before relaxing)
 .comment       0x0000000000000044       0x45 CMakeFiles/application.dir/src/main.c.o
 .comment       0x0000000000000044       0x70 /home/nicholas/opt/ti/tivaware/SW-TM4C-2.2.0.295/driverlib/gcc/libdriver.a(gpio.o)
                                         0x71 (size before relaxing)
 .comment       0x00000000000000b4       0x71 /home/nicholas/opt/ti/tivaware/SW-TM4C-2.2.0.295/driverlib/gcc/libdriver.a(sysctl.o)

.debug_info     0x0000000000000000      0x239
 .debug_info    0x0000000000000000      0x177 CMakeFiles/application.dir/src/tm4c129encpdt_startup_gcc.c.o
 .debug_info    0x0000000000000177       0xc2 CMakeFiles/application.dir/src/main.c.o

.debug_abbrev   0x0000000000000000      0x166
 .debug_abbrev  0x0000000000000000       0xe1 CMakeFiles/application.dir/src/tm4c129encpdt_startup_gcc.c.o
 .debug_abbrev  0x00000000000000e1       0x85 CMakeFiles/application.dir/src/main.c.o

.debug_aranges  0x0000000000000000       0x60
 .debug_aranges
                0x0000000000000000       0x38 CMakeFiles/application.dir/src/tm4c129encpdt_startup_gcc.c.o
 .debug_aranges
                0x0000000000000038       0x28 CMakeFiles/application.dir/src/main.c.o

.debug_ranges   0x0000000000000000       0x40
 .debug_ranges  0x0000000000000000       0x28 CMakeFiles/application.dir/src/tm4c129encpdt_startup_gcc.c.o
 .debug_ranges  0x0000000000000028       0x18 CMakeFiles/application.dir/src/main.c.o

.debug_macro    0x0000000000000000     0x2610
 .debug_macro   0x0000000000000000       0x69 CMakeFiles/application.dir/src/tm4c129encpdt_startup_gcc.c.o
 .debug_macro   0x0000000000000069      0xa7e CMakeFiles/application.dir/src/tm4c129encpdt_startup_gcc.c.o
 .debug_macro   0x0000000000000ae7       0x22 CMakeFiles/application.dir/src/tm4c129encpdt_startup_gcc.c.o
 .debug_macro   0x0000000000000b09       0x8e CMakeFiles/application.dir/src/tm4c129encpdt_startup_gcc.c.o
 .debug_macro   0x0000000000000b97       0x51 CMakeFiles/application.dir/src/tm4c129encpdt_startup_gcc.c.o
 .debug_macro   0x0000000000000be8      0x103 CMakeFiles/application.dir/src/tm4c129encpdt_startup_gcc.c.o
 .debug_macro   0x0000000000000ceb       0x6a CMakeFiles/application.dir/src/tm4c129encpdt_startup_gcc.c.o
 .debug_macro   0x0000000000000d55      0x1df CMakeFiles/application.dir/src/tm4c129encpdt_startup_gcc.c.o
 .debug_macro   0x0000000000000f34       0xa3 CMakeFiles/application.dir/src/main.c.o
 .debug_macro   0x0000000000000fd7       0x22 CMakeFiles/application.dir/src/main.c.o
 .debug_macro   0x0000000000000ff9      0x101 CMakeFiles/application.dir/src/main.c.o
 .debug_macro   0x00000000000010fa       0x10 CMakeFiles/application.dir/src/main.c.o
 .debug_macro   0x000000000000110a      0x812 CMakeFiles/application.dir/src/main.c.o
 .debug_macro   0x000000000000191c      0xa96 CMakeFiles/application.dir/src/main.c.o
 .debug_macro   0x00000000000023b2      0x25e CMakeFiles/application.dir/src/main.c.o

.debug_line     0x0000000000000000      0x72f
 .debug_line    0x0000000000000000      0x33c CMakeFiles/application.dir/src/tm4c129encpdt_startup_gcc.c.o
 .debug_line    0x000000000000033c      0x3f3 CMakeFiles/application.dir/src/main.c.o

.debug_str      0x0000000000000000     0x9382
 .debug_str     0x0000000000000000     0x3b94 CMakeFiles/application.dir/src/tm4c129encpdt_startup_gcc.c.o
                                       0x3cf8 (size before relaxing)
 .debug_str     0x0000000000003b94     0x57ee CMakeFiles/application.dir/src/main.c.o
                                       0x93eb (size before relaxing)

.debug_frame    0x0000000000000000       0xc4
 .debug_frame   0x0000000000000000       0x7c CMakeFiles/application.dir/src/tm4c129encpdt_startup_gcc.c.o
 .debug_frame   0x000000000000007c       0x48 CMakeFiles/application.dir/src/main.c.o
